Combination: 9; TestConfiguration = Format: Atom, Request: True, Synchronous: True
Model Present: true
<?xml version="1.0" encoding="utf-8"?><entry xmlns="http://www.w3.org/2005/Atom" xmlns:d="http://docs.oasis-open.org/odata/ns/data" xmlns:m="http://docs.oasis-open.org/odata/ns/metadata" xmlns:georss="http://www.georss.org/georss" xmlns:gml="http://www.opengis.net/gml" m:context="http://odata.org/$metadata#MySet/$entity"><id>http://www.odata.org/entryid</id><category term="#TestNS.EntityType" scheme="http://docs.oasis-open.org/odata/ns/scheme" /><link rel="self" href="http://www.odata.org/entry/readlink" /><title /><updated>9999-12-31T23:59:59Z</updated><author><name /></author><content type="application/xml"><m:properties><d:Id>1</d:Id><d:FirstName>Bill</d:FirstName></m:properties></content></entry>

Combination: 10; TestConfiguration = Format: Atom, Request: False, Synchronous: True
Model Present: true
<?xml version="1.0" encoding="utf-8"?><entry xmlns="http://www.w3.org/2005/Atom" xmlns:d="http://docs.oasis-open.org/odata/ns/data" xmlns:m="http://docs.oasis-open.org/odata/ns/metadata" xmlns:georss="http://www.georss.org/georss" xmlns:gml="http://www.opengis.net/gml" m:context="http://odata.org/$metadata#MySet/$entity"><id>http://www.odata.org/entryid</id><category term="#TestNS.EntityType" scheme="http://docs.oasis-open.org/odata/ns/scheme" /><link rel="self" href="http://www.odata.org/entry/readlink" /><title /><updated>9999-12-31T23:59:59Z</updated><author><name /></author><content type="application/xml"><m:properties><d:Id>1</d:Id><d:FirstName>Bill</d:FirstName></m:properties></content></entry>

Combination: 11; TestConfiguration = Format: Atom, Request: True, Synchronous: False
Model Present: true
<?xml version="1.0" encoding="utf-8"?><entry xmlns="http://www.w3.org/2005/Atom" xmlns:d="http://docs.oasis-open.org/odata/ns/data" xmlns:m="http://docs.oasis-open.org/odata/ns/metadata" xmlns:georss="http://www.georss.org/georss" xmlns:gml="http://www.opengis.net/gml" m:context="http://odata.org/$metadata#MySet/$entity"><id>http://www.odata.org/entryid</id><category term="#TestNS.EntityType" scheme="http://docs.oasis-open.org/odata/ns/scheme" /><link rel="self" href="http://www.odata.org/entry/readlink" /><title /><updated>9999-12-31T23:59:59Z</updated><author><name /></author><content type="application/xml"><m:properties><d:Id>1</d:Id><d:FirstName>Bill</d:FirstName></m:properties></content></entry>

Combination: 12; TestConfiguration = Format: Atom, Request: False, Synchronous: False
Model Present: true
<?xml version="1.0" encoding="utf-8"?><entry xmlns="http://www.w3.org/2005/Atom" xmlns:d="http://docs.oasis-open.org/odata/ns/data" xmlns:m="http://docs.oasis-open.org/odata/ns/metadata" xmlns:georss="http://www.georss.org/georss" xmlns:gml="http://www.opengis.net/gml" m:context="http://odata.org/$metadata#MySet/$entity"><id>http://www.odata.org/entryid</id><category term="#TestNS.EntityType" scheme="http://docs.oasis-open.org/odata/ns/scheme" /><link rel="self" href="http://www.odata.org/entry/readlink" /><title /><updated>9999-12-31T23:59:59Z</updated><author><name /></author><content type="application/xml"><m:properties><d:Id>1</d:Id><d:FirstName>Bill</d:FirstName></m:properties></content></entry>

