Combination: 2; TestConfiguration = Format: JsonLight, Request: False, Synchronous: True
Model Present: false
{
  "@odata.context":"http://odata.org/$metadata","value":[
    
  ]
}

Combination: 4; TestConfiguration = Format: JsonLight, Request: False, Synchronous: False
Model Present: false
{
  "@odata.context":"http://odata.org/$metadata","value":[
    
  ]
}

Combination: 6; TestConfiguration = Format: Atom, Request: False, Synchronous: True
Model Present: false
<?xml version="1.0" encoding="utf-8"?>
<service xml:base="http://odata.org/" xmlns="http://www.w3.org/2007/app" xmlns:atom="http://www.w3.org/2005/Atom" xmlns:m="http://docs.oasis-open.org/odata/ns/metadata" m:context="http://odata.org/$metadata">
  <workspace>
    <atom:title type="text">Default</atom:title>
  </workspace>
</service>

Combination: 8; TestConfiguration = Format: Atom, Request: False, Synchronous: False
Model Present: false
<?xml version="1.0" encoding="utf-8"?>
<service xml:base="http://odata.org/" xmlns="http://www.w3.org/2007/app" xmlns:atom="http://www.w3.org/2005/Atom" xmlns:m="http://docs.oasis-open.org/odata/ns/metadata" m:context="http://odata.org/$metadata">
  <workspace>
    <atom:title type="text">Default</atom:title>
  </workspace>
</service>

Combination: 10; TestConfiguration = Format: JsonLight, Request: False, Synchronous: True
Model Present: false
{
  "@odata.context":"http://odata.org/$metadata","value":[
    
  ]
}

Combination: 12; TestConfiguration = Format: JsonLight, Request: False, Synchronous: False
Model Present: false
{
  "@odata.context":"http://odata.org/$metadata","value":[
    
  ]
}

Combination: 14; TestConfiguration = Format: Atom, Request: False, Synchronous: True
Model Present: false
<?xml version="1.0" encoding="utf-8"?>
<service xml:base="http://odata.org/" xmlns="http://www.w3.org/2007/app" xmlns:atom="http://www.w3.org/2005/Atom" xmlns:m="http://docs.oasis-open.org/odata/ns/metadata" m:context="http://odata.org/$metadata">
  <workspace>
    <atom:title type="text"></atom:title>
  </workspace>
</service>

Combination: 16; TestConfiguration = Format: Atom, Request: False, Synchronous: False
Model Present: false
<?xml version="1.0" encoding="utf-8"?>
<service xml:base="http://odata.org/" xmlns="http://www.w3.org/2007/app" xmlns:atom="http://www.w3.org/2005/Atom" xmlns:m="http://docs.oasis-open.org/odata/ns/metadata" m:context="http://odata.org/$metadata">
  <workspace>
    <atom:title type="text"></atom:title>
  </workspace>
</service>

Combination: 18; TestConfiguration = Format: JsonLight, Request: False, Synchronous: True
Model Present: false
{
  "@odata.context":"http://odata.org/$metadata","value":[
    
  ]
}

Combination: 20; TestConfiguration = Format: JsonLight, Request: False, Synchronous: False
Model Present: false
{
  "@odata.context":"http://odata.org/$metadata","value":[
    
  ]
}

Combination: 22; TestConfiguration = Format: Atom, Request: False, Synchronous: True
Model Present: false
<?xml version="1.0" encoding="utf-8"?>
<service xml:base="http://odata.org/" xmlns="http://www.w3.org/2007/app" xmlns:atom="http://www.w3.org/2005/Atom" xmlns:m="http://docs.oasis-open.org/odata/ns/metadata" m:context="http://odata.org/$metadata">
  <workspace>
    <atom:title type="text">MyWorkspaceName</atom:title>
  </workspace>
</service>

Combination: 24; TestConfiguration = Format: Atom, Request: False, Synchronous: False
Model Present: false
<?xml version="1.0" encoding="utf-8"?>
<service xml:base="http://odata.org/" xmlns="http://www.w3.org/2007/app" xmlns:atom="http://www.w3.org/2005/Atom" xmlns:m="http://docs.oasis-open.org/odata/ns/metadata" m:context="http://odata.org/$metadata">
  <workspace>
    <atom:title type="text">MyWorkspaceName</atom:title>
  </workspace>
</service>

