Combination: 1; TestConfiguration = Format: Atom, Request: True, Synchronous: True
Model Present: false
<?xml version="1.0" encoding="utf-8"?><entry xmlns="http://www.w3.org/2005/Atom" xmlns:d="http://docs.oasis-open.org/odata/ns/data" xmlns:m="http://docs.oasis-open.org/odata/ns/metadata" xmlns:georss="http://www.georss.org/georss" xmlns:gml="http://www.opengis.net/gml" m:context="http://odata.org/$metadata#MySet/$entity"><id>http://www.odata.org/entryid</id><link rel="self" href="http://www.odata.org/entry/readlink" /><link rel="http://docs.oasis-open.org/odata/ns/related/SampleLinkName" type="application/atom+xml;type=entry" title="SampleLinkName" href="http://odata.org/link"><m:inline /></link><title /><updated>9999-12-31T23:59:59Z</updated><author><name /></author><content type="application/xml" /></entry>

Combination: 2; TestConfiguration = Format: Atom, Request: False, Synchronous: True
Model Present: false
<?xml version="1.0" encoding="utf-8"?>
<entry xmlns="http://www.w3.org/2005/Atom" xmlns:d="http://docs.oasis-open.org/odata/ns/data" xmlns:m="http://docs.oasis-open.org/odata/ns/metadata" xmlns:georss="http://www.georss.org/georss" xmlns:gml="http://www.opengis.net/gml" m:context="http://odata.org/$metadata#MySet/$entity">
  <id>http://www.odata.org/entryid</id>
  <link rel="self" href="http://www.odata.org/entry/readlink" />
  <link rel="http://docs.oasis-open.org/odata/ns/related/SampleLinkName" type="application/atom+xml;type=entry" title="SampleLinkName" href="http://odata.org/link">
    <m:inline />
  </link>
  <title />
  <updated>9999-12-31T23:59:59Z</updated>
  <author>
    <name />
  </author>
  <content type="application/xml" />
</entry>

Combination: 3; TestConfiguration = Format: Atom, Request: True, Synchronous: False
Model Present: false
<?xml version="1.0" encoding="utf-8"?>
<entry xmlns="http://www.w3.org/2005/Atom" xmlns:d="http://docs.oasis-open.org/odata/ns/data" xmlns:m="http://docs.oasis-open.org/odata/ns/metadata" xmlns:georss="http://www.georss.org/georss" xmlns:gml="http://www.opengis.net/gml" m:context="http://odata.org/$metadata#MySet/$entity">
  <id>http://www.odata.org/entryid</id>
  <link rel="self" href="http://www.odata.org/entry/readlink" />
  <link rel="http://docs.oasis-open.org/odata/ns/related/SampleLinkName" type="application/atom+xml;type=entry" title="SampleLinkName" href="http://odata.org/link">
    <m:inline />
  </link>
  <title />
  <updated>9999-12-31T23:59:59Z</updated>
  <author>
    <name />
  </author>
  <content type="application/xml" />
</entry>

Combination: 4; TestConfiguration = Format: Atom, Request: False, Synchronous: False
Model Present: false
<?xml version="1.0" encoding="utf-8"?>
<entry xmlns="http://www.w3.org/2005/Atom" xmlns:d="http://docs.oasis-open.org/odata/ns/data" xmlns:m="http://docs.oasis-open.org/odata/ns/metadata" xmlns:georss="http://www.georss.org/georss" xmlns:gml="http://www.opengis.net/gml" m:context="http://odata.org/$metadata#MySet/$entity">
  <id>http://www.odata.org/entryid</id>
  <link rel="self" href="http://www.odata.org/entry/readlink" />
  <link rel="http://docs.oasis-open.org/odata/ns/related/SampleLinkName" type="application/atom+xml;type=entry" title="SampleLinkName" href="http://odata.org/link">
    <m:inline />
  </link>
  <title />
  <updated>9999-12-31T23:59:59Z</updated>
  <author>
    <name />
  </author>
  <content type="application/xml" />
</entry>

Combination: 5; TestConfiguration = Format: Atom, Request: True, Synchronous: True
Model Present: false
<?xml version="1.0" encoding="utf-8"?><entry xmlns="http://www.w3.org/2005/Atom" xmlns:d="http://docs.oasis-open.org/odata/ns/data" xmlns:m="http://docs.oasis-open.org/odata/ns/metadata" xmlns:georss="http://www.georss.org/georss" xmlns:gml="http://www.opengis.net/gml" m:context="http://odata.org/$metadata#MySet/$entity"><id>http://www.odata.org/entryid</id><link rel="self" href="http://www.odata.org/entry/readlink" /><link rel="http://docs.oasis-open.org/odata/ns/related/SampleLinkName" type="application/atom+xml;type=entry" title="SampleLinkName" href="http://odata.org/link"><m:inline /></link><link rel="http://docs.oasis-open.org/odata/ns/related/SampleLinkName2" type="application/atom+xml;type=entry" title="SampleLinkName2" href="http://odata.org/link"><m:inline /></link><title /><updated>9999-12-31T23:59:59Z</updated><author><name /></author><content type="application/xml" /></entry>

Combination: 6; TestConfiguration = Format: Atom, Request: False, Synchronous: True
Model Present: false
<?xml version="1.0" encoding="utf-8"?>
<entry xmlns="http://www.w3.org/2005/Atom" xmlns:d="http://docs.oasis-open.org/odata/ns/data" xmlns:m="http://docs.oasis-open.org/odata/ns/metadata" xmlns:georss="http://www.georss.org/georss" xmlns:gml="http://www.opengis.net/gml" m:context="http://odata.org/$metadata#MySet/$entity">
  <id>http://www.odata.org/entryid</id>
  <link rel="self" href="http://www.odata.org/entry/readlink" />
  <link rel="http://docs.oasis-open.org/odata/ns/related/SampleLinkName" type="application/atom+xml;type=entry" title="SampleLinkName" href="http://odata.org/link">
    <m:inline />
  </link>
  <link rel="http://docs.oasis-open.org/odata/ns/related/SampleLinkName2" type="application/atom+xml;type=entry" title="SampleLinkName2" href="http://odata.org/link">
    <m:inline />
  </link>
  <title />
  <updated>9999-12-31T23:59:59Z</updated>
  <author>
    <name />
  </author>
  <content type="application/xml" />
</entry>

Combination: 7; TestConfiguration = Format: Atom, Request: True, Synchronous: False
Model Present: false
<?xml version="1.0" encoding="utf-8"?>
<entry xmlns="http://www.w3.org/2005/Atom" xmlns:d="http://docs.oasis-open.org/odata/ns/data" xmlns:m="http://docs.oasis-open.org/odata/ns/metadata" xmlns:georss="http://www.georss.org/georss" xmlns:gml="http://www.opengis.net/gml" m:context="http://odata.org/$metadata#MySet/$entity">
  <id>http://www.odata.org/entryid</id>
  <link rel="self" href="http://www.odata.org/entry/readlink" />
  <link rel="http://docs.oasis-open.org/odata/ns/related/SampleLinkName" type="application/atom+xml;type=entry" title="SampleLinkName" href="http://odata.org/link">
    <m:inline />
  </link>
  <link rel="http://docs.oasis-open.org/odata/ns/related/SampleLinkName2" type="application/atom+xml;type=entry" title="SampleLinkName2" href="http://odata.org/link">
    <m:inline />
  </link>
  <title />
  <updated>9999-12-31T23:59:59Z</updated>
  <author>
    <name />
  </author>
  <content type="application/xml" />
</entry>

Combination: 8; TestConfiguration = Format: Atom, Request: False, Synchronous: False
Model Present: false
<?xml version="1.0" encoding="utf-8"?>
<entry xmlns="http://www.w3.org/2005/Atom" xmlns:d="http://docs.oasis-open.org/odata/ns/data" xmlns:m="http://docs.oasis-open.org/odata/ns/metadata" xmlns:georss="http://www.georss.org/georss" xmlns:gml="http://www.opengis.net/gml" m:context="http://odata.org/$metadata#MySet/$entity">
  <id>http://www.odata.org/entryid</id>
  <link rel="self" href="http://www.odata.org/entry/readlink" />
  <link rel="http://docs.oasis-open.org/odata/ns/related/SampleLinkName" type="application/atom+xml;type=entry" title="SampleLinkName" href="http://odata.org/link">
    <m:inline />
  </link>
  <link rel="http://docs.oasis-open.org/odata/ns/related/SampleLinkName2" type="application/atom+xml;type=entry" title="SampleLinkName2" href="http://odata.org/link">
    <m:inline />
  </link>
  <title />
  <updated>9999-12-31T23:59:59Z</updated>
  <author>
    <name />
  </author>
  <content type="application/xml" />
</entry>

