Combination: 1; TestConfiguration = Format: JsonLight, Request: False, Synchronous: False
Model Present: false
{"error":{"code":"","message":"Some error message."}}

Combination: 2; TestConfiguration = Format: JsonLight, Request: False, Synchronous: True
Model Present: false
{"error":{"code":"","message":"Some error message."}}

Combination: 3; TestConfiguration = Format: JsonLight, Request: False, Synchronous: False
Model Present: false
{"error":{"code":"","message":"Some error message."}}

Combination: 4; TestConfiguration = Format: JsonLight, Request: False, Synchronous: True
Model Present: false
{"error":{"code":"","message":"Some error message."}}

Combination: 5; TestConfiguration = Format: Atom, Request: False, Synchronous: False
Model Present: false
{"error":{"code":"","message":"Some error message."}}

Combination: 6; TestConfiguration = Format: Atom, Request: False, Synchronous: True
Model Present: false
{"error":{"code":"","message":"Some error message."}}

Combination: 7; TestConfiguration = Format: Atom, Request: False, Synchronous: False
Model Present: false
{"error":{"code":"","message":"Some error message."}}

Combination: 8; TestConfiguration = Format: Atom, Request: False, Synchronous: True
Model Present: false
{"error":{"code":"","message":"Some error message."}}

Combination: 9; TestConfiguration = Format: Atom, Request: False, Synchronous: False
Model Present: false
{"error":{"code":"","message":"Some error message."}}

Combination: 10; TestConfiguration = Format: Atom, Request: False, Synchronous: True
Model Present: false
{"error":{"code":"","message":"Some error message."}}

Combination: 11; TestConfiguration = Format: Atom, Request: False, Synchronous: False
Model Present: false
{"error":{"code":"","message":"Some error message."}}

Combination: 12; TestConfiguration = Format: Atom, Request: False, Synchronous: True
Model Present: false
{"error":{"code":"","message":"Some error message."}}

