Combination: 1; TestConfiguration = Format: Atom, Request: True, Synchronous: True
Model Present: true
<?xml version="1.0" encoding="utf-8"?><entry xmlns="http://www.w3.org/2005/Atom" xmlns:d="http://docs.oasis-open.org/odata/ns/data" xmlns:m="http://docs.oasis-open.org/odata/ns/metadata" xmlns:georss="http://www.georss.org/georss" xmlns:gml="http://www.opengis.net/gml" m:context="http://www.odata.org/$metadata#MySet/$entity"><id>http://www.odata.org/entryid</id><category term="#TestNS.EntityType" scheme="http://docs.oasis-open.org/odata/ns/scheme" /><link rel="self" href="http://www.odata.org/entry/readlink" /><title /><updated>2010-10-12T17:13:00Z</updated><author><name /></author><content type="application/xml"><m:properties><d:Id m:type="Int32">1</d:Id><d:Name>Bill</d:Name><d:Address m:type="#TestNS.AddressComplexType"><d:Name></d:Name></d:Address><d:Scores m:type="#Collection(String)" /></m:properties></content></entry>

Combination: 2; TestConfiguration = Format: Atom, Request: False, Synchronous: True
Model Present: true
<?xml version="1.0" encoding="utf-8"?>
<entry xmlns="http://www.w3.org/2005/Atom" xmlns:d="http://docs.oasis-open.org/odata/ns/data" xmlns:m="http://docs.oasis-open.org/odata/ns/metadata" xmlns:georss="http://www.georss.org/georss" xmlns:gml="http://www.opengis.net/gml" m:context="http://www.odata.org/$metadata#MySet/$entity">
  <id>http://www.odata.org/entryid</id>
  <category term="#TestNS.EntityType" scheme="http://docs.oasis-open.org/odata/ns/scheme" />
  <link rel="self" href="http://www.odata.org/entry/readlink" />
  <title />
  <updated>2010-10-12T17:13:00Z</updated>
  <author>
    <name />
  </author>
  <content type="application/xml">
    <m:properties>
      <d:Id m:type="Int32">1</d:Id>
      <d:Name>Bill</d:Name>
      <d:Address m:type="#TestNS.AddressComplexType">
        <d:Name></d:Name>
      </d:Address>
      <d:Scores m:type="#Collection(String)" />
    </m:properties>
  </content>
</entry>

Combination: 3; TestConfiguration = Format: Atom, Request: True, Synchronous: False
Model Present: true
<?xml version="1.0" encoding="utf-8"?>
<entry xmlns="http://www.w3.org/2005/Atom" xmlns:d="http://docs.oasis-open.org/odata/ns/data" xmlns:m="http://docs.oasis-open.org/odata/ns/metadata" xmlns:georss="http://www.georss.org/georss" xmlns:gml="http://www.opengis.net/gml" m:context="http://www.odata.org/$metadata#MySet/$entity">
  <id>http://www.odata.org/entryid</id>
  <category term="#TestNS.EntityType" scheme="http://docs.oasis-open.org/odata/ns/scheme" />
  <link rel="self" href="http://www.odata.org/entry/readlink" />
  <title />
  <updated>2010-10-12T17:13:00Z</updated>
  <author>
    <name />
  </author>
  <content type="application/xml">
    <m:properties>
      <d:Id m:type="Int32">1</d:Id>
      <d:Name>Bill</d:Name>
      <d:Address m:type="#TestNS.AddressComplexType">
        <d:Name></d:Name>
      </d:Address>
      <d:Scores m:type="#Collection(String)" />
    </m:properties>
  </content>
</entry>

Combination: 4; TestConfiguration = Format: Atom, Request: False, Synchronous: False
Model Present: true
<?xml version="1.0" encoding="utf-8"?>
<entry xmlns="http://www.w3.org/2005/Atom" xmlns:d="http://docs.oasis-open.org/odata/ns/data" xmlns:m="http://docs.oasis-open.org/odata/ns/metadata" xmlns:georss="http://www.georss.org/georss" xmlns:gml="http://www.opengis.net/gml" m:context="http://www.odata.org/$metadata#MySet/$entity">
  <id>http://www.odata.org/entryid</id>
  <category term="#TestNS.EntityType" scheme="http://docs.oasis-open.org/odata/ns/scheme" />
  <link rel="self" href="http://www.odata.org/entry/readlink" />
  <title />
  <updated>2010-10-12T17:13:00Z</updated>
  <author>
    <name />
  </author>
  <content type="application/xml">
    <m:properties>
      <d:Id m:type="Int32">1</d:Id>
      <d:Name>Bill</d:Name>
      <d:Address m:type="#TestNS.AddressComplexType">
        <d:Name></d:Name>
      </d:Address>
      <d:Scores m:type="#Collection(String)" />
    </m:properties>
  </content>
</entry>

Combination: 5; TestConfiguration = Format: Atom, Request: True, Synchronous: True
Model Present: true
<?xml version="1.0" encoding="utf-8"?><entry xmlns="http://www.w3.org/2005/Atom" xmlns:d="http://docs.oasis-open.org/odata/ns/data" xmlns:m="http://docs.oasis-open.org/odata/ns/metadata" xmlns:georss="http://www.georss.org/georss" xmlns:gml="http://www.opengis.net/gml" m:context="http://www.odata.org/$metadata#MySet/$entity"><id>http://www.odata.org/entryid</id><category term="#TestNS.EntityType" scheme="http://docs.oasis-open.org/odata/ns/scheme" /><link rel="self" href="http://www.odata.org/entry/readlink" /><title /><updated>2010-10-12T17:13:00Z</updated><author><name /></author><content type="application/xml"><m:properties><d:Id m:type="Int32">1</d:Id><d:Name>Bill</d:Name><d:Address m:type="#TestNS.AddressComplexType"><d:Name></d:Name></d:Address><d:Scores m:type="#Collection(String)" /></m:properties></content></entry>

Combination: 6; TestConfiguration = Format: Atom, Request: False, Synchronous: True
Model Present: true
<?xml version="1.0" encoding="utf-8"?>
<entry xmlns="http://www.w3.org/2005/Atom" xmlns:d="http://docs.oasis-open.org/odata/ns/data" xmlns:m="http://docs.oasis-open.org/odata/ns/metadata" xmlns:georss="http://www.georss.org/georss" xmlns:gml="http://www.opengis.net/gml" m:context="http://www.odata.org/$metadata#MySet/$entity">
  <id>http://www.odata.org/entryid</id>
  <category term="#TestNS.EntityType" scheme="http://docs.oasis-open.org/odata/ns/scheme" />
  <link rel="self" href="http://www.odata.org/entry/readlink" />
  <title />
  <updated>2010-10-12T17:13:00Z</updated>
  <author>
    <name />
  </author>
  <content type="application/xml">
    <m:properties>
      <d:Id m:type="Int32">1</d:Id>
      <d:Name>Bill</d:Name>
      <d:Address m:type="#TestNS.AddressComplexType">
        <d:Name></d:Name>
      </d:Address>
      <d:Scores m:type="#Collection(String)" />
    </m:properties>
  </content>
</entry>

Combination: 7; TestConfiguration = Format: Atom, Request: True, Synchronous: False
Model Present: true
<?xml version="1.0" encoding="utf-8"?>
<entry xmlns="http://www.w3.org/2005/Atom" xmlns:d="http://docs.oasis-open.org/odata/ns/data" xmlns:m="http://docs.oasis-open.org/odata/ns/metadata" xmlns:georss="http://www.georss.org/georss" xmlns:gml="http://www.opengis.net/gml" m:context="http://www.odata.org/$metadata#MySet/$entity">
  <id>http://www.odata.org/entryid</id>
  <category term="#TestNS.EntityType" scheme="http://docs.oasis-open.org/odata/ns/scheme" />
  <link rel="self" href="http://www.odata.org/entry/readlink" />
  <title />
  <updated>2010-10-12T17:13:00Z</updated>
  <author>
    <name />
  </author>
  <content type="application/xml">
    <m:properties>
      <d:Id m:type="Int32">1</d:Id>
      <d:Name>Bill</d:Name>
      <d:Address m:type="#TestNS.AddressComplexType">
        <d:Name></d:Name>
      </d:Address>
      <d:Scores m:type="#Collection(String)" />
    </m:properties>
  </content>
</entry>

Combination: 8; TestConfiguration = Format: Atom, Request: False, Synchronous: False
Model Present: true
<?xml version="1.0" encoding="utf-8"?>
<entry xmlns="http://www.w3.org/2005/Atom" xmlns:d="http://docs.oasis-open.org/odata/ns/data" xmlns:m="http://docs.oasis-open.org/odata/ns/metadata" xmlns:georss="http://www.georss.org/georss" xmlns:gml="http://www.opengis.net/gml" m:context="http://www.odata.org/$metadata#MySet/$entity">
  <id>http://www.odata.org/entryid</id>
  <category term="#TestNS.EntityType" scheme="http://docs.oasis-open.org/odata/ns/scheme" />
  <link rel="self" href="http://www.odata.org/entry/readlink" />
  <title />
  <updated>2010-10-12T17:13:00Z</updated>
  <author>
    <name />
  </author>
  <content type="application/xml">
    <m:properties>
      <d:Id m:type="Int32">1</d:Id>
      <d:Name>Bill</d:Name>
      <d:Address m:type="#TestNS.AddressComplexType">
        <d:Name></d:Name>
      </d:Address>
      <d:Scores m:type="#Collection(String)" />
    </m:properties>
  </content>
</entry>

Combination: 9; TestConfiguration = Format: Atom, Request: True, Synchronous: True
Model Present: true
<?xml version="1.0" encoding="utf-8"?><entry xmlns="http://www.w3.org/2005/Atom" xmlns:d="http://docs.oasis-open.org/odata/ns/data" xmlns:m="http://docs.oasis-open.org/odata/ns/metadata" xmlns:georss="http://www.georss.org/georss" xmlns:gml="http://www.opengis.net/gml" m:context="http://www.odata.org/$metadata#MySet/$entity"><id>http://www.odata.org/entryid</id><category term="#TestNS.EntityType" scheme="http://docs.oasis-open.org/odata/ns/scheme" /><link rel="self" href="http://www.odata.org/entry/readlink" /><title /><updated>2010-10-12T17:13:00Z</updated><author><name /></author><content type="application/xml"><m:properties><d:Id m:type="Int32">1</d:Id><d:Name>Bill</d:Name><d:Address m:type="#TestNS.AddressComplexType"><d:Name></d:Name></d:Address><d:Scores m:type="#Collection(String)" /></m:properties></content></entry>

Combination: 10; TestConfiguration = Format: Atom, Request: False, Synchronous: True
Model Present: true
<?xml version="1.0" encoding="utf-8"?>
<entry xmlns="http://www.w3.org/2005/Atom" xmlns:d="http://docs.oasis-open.org/odata/ns/data" xmlns:m="http://docs.oasis-open.org/odata/ns/metadata" xmlns:georss="http://www.georss.org/georss" xmlns:gml="http://www.opengis.net/gml" m:context="http://www.odata.org/$metadata#MySet/$entity">
  <id>http://www.odata.org/entryid</id>
  <category term="#TestNS.EntityType" scheme="http://docs.oasis-open.org/odata/ns/scheme" />
  <link rel="self" href="http://www.odata.org/entry/readlink" />
  <title />
  <updated>2010-10-12T17:13:00Z</updated>
  <author>
    <name />
  </author>
  <content type="application/xml">
    <m:properties>
      <d:Id m:type="Int32">1</d:Id>
      <d:Name>Bill</d:Name>
      <d:Address m:type="#TestNS.AddressComplexType">
        <d:Name></d:Name>
      </d:Address>
      <d:Scores m:type="#Collection(String)" />
    </m:properties>
  </content>
</entry>

Combination: 11; TestConfiguration = Format: Atom, Request: True, Synchronous: False
Model Present: true
<?xml version="1.0" encoding="utf-8"?>
<entry xmlns="http://www.w3.org/2005/Atom" xmlns:d="http://docs.oasis-open.org/odata/ns/data" xmlns:m="http://docs.oasis-open.org/odata/ns/metadata" xmlns:georss="http://www.georss.org/georss" xmlns:gml="http://www.opengis.net/gml" m:context="http://www.odata.org/$metadata#MySet/$entity">
  <id>http://www.odata.org/entryid</id>
  <category term="#TestNS.EntityType" scheme="http://docs.oasis-open.org/odata/ns/scheme" />
  <link rel="self" href="http://www.odata.org/entry/readlink" />
  <title />
  <updated>2010-10-12T17:13:00Z</updated>
  <author>
    <name />
  </author>
  <content type="application/xml">
    <m:properties>
      <d:Id m:type="Int32">1</d:Id>
      <d:Name>Bill</d:Name>
      <d:Address m:type="#TestNS.AddressComplexType">
        <d:Name></d:Name>
      </d:Address>
      <d:Scores m:type="#Collection(String)" />
    </m:properties>
  </content>
</entry>

Combination: 12; TestConfiguration = Format: Atom, Request: False, Synchronous: False
Model Present: true
<?xml version="1.0" encoding="utf-8"?>
<entry xmlns="http://www.w3.org/2005/Atom" xmlns:d="http://docs.oasis-open.org/odata/ns/data" xmlns:m="http://docs.oasis-open.org/odata/ns/metadata" xmlns:georss="http://www.georss.org/georss" xmlns:gml="http://www.opengis.net/gml" m:context="http://www.odata.org/$metadata#MySet/$entity">
  <id>http://www.odata.org/entryid</id>
  <category term="#TestNS.EntityType" scheme="http://docs.oasis-open.org/odata/ns/scheme" />
  <link rel="self" href="http://www.odata.org/entry/readlink" />
  <title />
  <updated>2010-10-12T17:13:00Z</updated>
  <author>
    <name />
  </author>
  <content type="application/xml">
    <m:properties>
      <d:Id m:type="Int32">1</d:Id>
      <d:Name>Bill</d:Name>
      <d:Address m:type="#TestNS.AddressComplexType">
        <d:Name></d:Name>
      </d:Address>
      <d:Scores m:type="#Collection(String)" />
    </m:properties>
  </content>
</entry>

Combination: 13; TestConfiguration = Format: Atom, Request: True, Synchronous: True
Model Present: true
<?xml version="1.0" encoding="utf-8"?><entry xmlns="http://www.w3.org/2005/Atom" xmlns:d="http://docs.oasis-open.org/odata/ns/data" xmlns:m="http://docs.oasis-open.org/odata/ns/metadata" xmlns:georss="http://www.georss.org/georss" xmlns:gml="http://www.opengis.net/gml" m:context="http://www.odata.org/$metadata#MySet/$entity"><id>http://www.odata.org/entryid</id><category term="#TestNS.EntityType" scheme="http://docs.oasis-open.org/odata/ns/scheme" /><link rel="self" href="http://www.odata.org/entry/readlink" /><title /><updated>2010-10-12T17:13:00Z</updated><author><name /></author><content type="application/xml"><m:properties><d:Id m:type="Int32">1</d:Id><d:Name>Bill</d:Name><d:Address m:type="#TestNS.AddressComplexType"><d:Name></d:Name></d:Address><d:Scores m:type="#Collection(String)" /></m:properties></content></entry>

Combination: 14; TestConfiguration = Format: Atom, Request: False, Synchronous: True
Model Present: true
<?xml version="1.0" encoding="utf-8"?>
<entry xmlns="http://www.w3.org/2005/Atom" xmlns:d="http://docs.oasis-open.org/odata/ns/data" xmlns:m="http://docs.oasis-open.org/odata/ns/metadata" xmlns:georss="http://www.georss.org/georss" xmlns:gml="http://www.opengis.net/gml" m:context="http://www.odata.org/$metadata#MySet/$entity">
  <id>http://www.odata.org/entryid</id>
  <category term="#TestNS.EntityType" scheme="http://docs.oasis-open.org/odata/ns/scheme" />
  <link rel="self" href="http://www.odata.org/entry/readlink" />
  <title />
  <updated>2010-10-12T17:13:00Z</updated>
  <author>
    <name />
  </author>
  <content type="application/xml">
    <m:properties>
      <d:Id m:type="Int32">1</d:Id>
      <d:Name>Bill</d:Name>
      <d:Address m:type="#TestNS.AddressComplexType">
        <d:Name></d:Name>
      </d:Address>
      <d:Scores m:type="#Collection(String)" />
    </m:properties>
  </content>
</entry>

Combination: 15; TestConfiguration = Format: Atom, Request: True, Synchronous: False
Model Present: true
<?xml version="1.0" encoding="utf-8"?>
<entry xmlns="http://www.w3.org/2005/Atom" xmlns:d="http://docs.oasis-open.org/odata/ns/data" xmlns:m="http://docs.oasis-open.org/odata/ns/metadata" xmlns:georss="http://www.georss.org/georss" xmlns:gml="http://www.opengis.net/gml" m:context="http://www.odata.org/$metadata#MySet/$entity">
  <id>http://www.odata.org/entryid</id>
  <category term="#TestNS.EntityType" scheme="http://docs.oasis-open.org/odata/ns/scheme" />
  <link rel="self" href="http://www.odata.org/entry/readlink" />
  <title />
  <updated>2010-10-12T17:13:00Z</updated>
  <author>
    <name />
  </author>
  <content type="application/xml">
    <m:properties>
      <d:Id m:type="Int32">1</d:Id>
      <d:Name>Bill</d:Name>
      <d:Address m:type="#TestNS.AddressComplexType">
        <d:Name></d:Name>
      </d:Address>
      <d:Scores m:type="#Collection(String)" />
    </m:properties>
  </content>
</entry>

Combination: 16; TestConfiguration = Format: Atom, Request: False, Synchronous: False
Model Present: true
<?xml version="1.0" encoding="utf-8"?>
<entry xmlns="http://www.w3.org/2005/Atom" xmlns:d="http://docs.oasis-open.org/odata/ns/data" xmlns:m="http://docs.oasis-open.org/odata/ns/metadata" xmlns:georss="http://www.georss.org/georss" xmlns:gml="http://www.opengis.net/gml" m:context="http://www.odata.org/$metadata#MySet/$entity">
  <id>http://www.odata.org/entryid</id>
  <category term="#TestNS.EntityType" scheme="http://docs.oasis-open.org/odata/ns/scheme" />
  <link rel="self" href="http://www.odata.org/entry/readlink" />
  <title />
  <updated>2010-10-12T17:13:00Z</updated>
  <author>
    <name />
  </author>
  <content type="application/xml">
    <m:properties>
      <d:Id m:type="Int32">1</d:Id>
      <d:Name>Bill</d:Name>
      <d:Address m:type="#TestNS.AddressComplexType">
        <d:Name></d:Name>
      </d:Address>
      <d:Scores m:type="#Collection(String)" />
    </m:properties>
  </content>
</entry>

