Combination: 1; TestConfiguration = Format: JsonLight, Request: False, Synchronous: False
Model Present: false
{"@odata.context":"http://odata.org/test/$metadata#Collection(TestCollectionType)","value":[{"FirstName":"Bob","LastName":"Marley"},{"FirstName":"Jimmy","LastName":"Hendrix"}]}

Combination: 2; TestConfiguration = Format: JsonLight, Request: False, Synchronous: True
Model Present: false
{"@odata.context":"http://odata.org/test/$metadata#Collection(TestCollectionType)","value":[{"FirstName":"Bob","LastName":"Marley"},{"FirstName":"Jimmy","LastName":"Hendrix"}]}

Combination: 3; TestConfiguration = Format: JsonLight, Request: False, Synchronous: False
Model Present: false
{"@odata.context":"http://odata.org/test/$metadata#Collection(TestCollectionType)","value":[{"FirstName":"Bob","LastName":"Marley"},{"FirstName":"Jimmy","LastName":"Hendrix"}]}

Combination: 4; TestConfiguration = Format: JsonLight, Request: False, Synchronous: True
Model Present: false
{"@odata.context":"http://odata.org/test/$metadata#Collection(TestCollectionType)","value":[{"FirstName":"Bob","LastName":"Marley"},{"FirstName":"Jimmy","LastName":"Hendrix"}]}

Combination: 5; TestConfiguration = Format: Atom, Request: False, Synchronous: False
Model Present: false
{"@odata.context":"http://odata.org/test/$metadata#Collection(TestCollectionType)","value":[{"FirstName":"Bob","LastName":"Marley"},{"FirstName":"Jimmy","LastName":"Hendrix"}]}

Combination: 6; TestConfiguration = Format: Atom, Request: False, Synchronous: True
Model Present: false
{"@odata.context":"http://odata.org/test/$metadata#Collection(TestCollectionType)","value":[{"FirstName":"Bob","LastName":"Marley"},{"FirstName":"Jimmy","LastName":"Hendrix"}]}

Combination: 7; TestConfiguration = Format: Atom, Request: False, Synchronous: False
Model Present: false
{"@odata.context":"http://odata.org/test/$metadata#Collection(TestCollectionType)","value":[{"FirstName":"Bob","LastName":"Marley"},{"FirstName":"Jimmy","LastName":"Hendrix"}]}

Combination: 8; TestConfiguration = Format: Atom, Request: False, Synchronous: True
Model Present: false
{"@odata.context":"http://odata.org/test/$metadata#Collection(TestCollectionType)","value":[{"FirstName":"Bob","LastName":"Marley"},{"FirstName":"Jimmy","LastName":"Hendrix"}]}

Combination: 9; TestConfiguration = Format: Atom, Request: False, Synchronous: False
Model Present: false
{"@odata.context":"http://odata.org/test/$metadata#Collection(TestCollectionType)","value":[{"FirstName":"Bob","LastName":"Marley"},{"FirstName":"Jimmy","LastName":"Hendrix"}]}

Combination: 10; TestConfiguration = Format: Atom, Request: False, Synchronous: True
Model Present: false
{"@odata.context":"http://odata.org/test/$metadata#Collection(TestCollectionType)","value":[{"FirstName":"Bob","LastName":"Marley"},{"FirstName":"Jimmy","LastName":"Hendrix"}]}

Combination: 11; TestConfiguration = Format: Atom, Request: False, Synchronous: False
Model Present: false
{"@odata.context":"http://odata.org/test/$metadata#Collection(TestCollectionType)","value":[{"FirstName":"Bob","LastName":"Marley"},{"FirstName":"Jimmy","LastName":"Hendrix"}]}

Combination: 12; TestConfiguration = Format: Atom, Request: False, Synchronous: True
Model Present: false
{"@odata.context":"http://odata.org/test/$metadata#Collection(TestCollectionType)","value":[{"FirstName":"Bob","LastName":"Marley"},{"FirstName":"Jimmy","LastName":"Hendrix"}]}

