Combination: 1; TestConfiguration = Format: Atom, Request: False, Synchronous: True
Model Present: true
<?xml version="1.0" encoding="utf-8"?><entry xmlns="http://www.w3.org/2005/Atom" xmlns:d="http://docs.oasis-open.org/odata/ns/data" xmlns:m="http://docs.oasis-open.org/odata/ns/metadata" xmlns:georss="http://www.georss.org/georss" xmlns:gml="http://www.opengis.net/gml" m:context="http://odata.org/$metadata#MySet/$entity"><id>http://www.odata.org/entryid</id><category term="#TestModel.CustomerType" scheme="http://docs.oasis-open.org/odata/ns/scheme" /><link rel="self" href="http://www.odata.org/entry/readlink" /><link rel="http://docs.oasis-open.org/odata/ns/relatedlinks/Orders" type="application/xml" title="Orders" href="http://odata.org/associationlink" /><link rel="http://docs.oasis-open.org/odata/ns/related/Orders" type="application/atom+xml;type=feed" title="Orders" href="http://odata.org/link" /><title /><updated>9999-12-31T23:59:59Z</updated><author><name /></author><content type="application/xml" /></entry>

Combination: 2; TestConfiguration = Format: Atom, Request: False, Synchronous: False
Model Present: true
<?xml version="1.0" encoding="utf-8"?><entry xmlns="http://www.w3.org/2005/Atom" xmlns:d="http://docs.oasis-open.org/odata/ns/data" xmlns:m="http://docs.oasis-open.org/odata/ns/metadata" xmlns:georss="http://www.georss.org/georss" xmlns:gml="http://www.opengis.net/gml" m:context="http://odata.org/$metadata#MySet/$entity"><id>http://www.odata.org/entryid</id><category term="#TestModel.CustomerType" scheme="http://docs.oasis-open.org/odata/ns/scheme" /><link rel="self" href="http://www.odata.org/entry/readlink" /><link rel="http://docs.oasis-open.org/odata/ns/relatedlinks/Orders" type="application/xml" title="Orders" href="http://odata.org/associationlink" /><link rel="http://docs.oasis-open.org/odata/ns/related/Orders" type="application/atom+xml;type=feed" title="Orders" href="http://odata.org/link" /><title /><updated>9999-12-31T23:59:59Z</updated><author><name /></author><content type="application/xml" /></entry>

Combination: 3; TestConfiguration = Format: Atom, Request: False, Synchronous: True
Model Present: true
<?xml version="1.0" encoding="utf-8"?><entry xmlns="http://www.w3.org/2005/Atom" xmlns:d="http://docs.oasis-open.org/odata/ns/data" xmlns:m="http://docs.oasis-open.org/odata/ns/metadata" xmlns:georss="http://www.georss.org/georss" xmlns:gml="http://www.opengis.net/gml" m:context="http://odata.org/$metadata#MySet/$entity"><id>http://www.odata.org/entryid</id><category term="#TestModel.CustomerType" scheme="http://docs.oasis-open.org/odata/ns/scheme" /><link rel="self" href="http://www.odata.org/entry/readlink" /><link rel="http://docs.oasis-open.org/odata/ns/relatedlinks/BestFriend" type="application/xml" title="BestFriend" href="http://odata.org/associationlink" /><link rel="http://docs.oasis-open.org/odata/ns/related/BestFriend" type="application/atom+xml;type=entry" title="BestFriend" href="http://odata.org/link" /><title /><updated>9999-12-31T23:59:59Z</updated><author><name /></author><content type="application/xml" /></entry>

Combination: 4; TestConfiguration = Format: Atom, Request: False, Synchronous: False
Model Present: true
<?xml version="1.0" encoding="utf-8"?><entry xmlns="http://www.w3.org/2005/Atom" xmlns:d="http://docs.oasis-open.org/odata/ns/data" xmlns:m="http://docs.oasis-open.org/odata/ns/metadata" xmlns:georss="http://www.georss.org/georss" xmlns:gml="http://www.opengis.net/gml" m:context="http://odata.org/$metadata#MySet/$entity"><id>http://www.odata.org/entryid</id><category term="#TestModel.CustomerType" scheme="http://docs.oasis-open.org/odata/ns/scheme" /><link rel="self" href="http://www.odata.org/entry/readlink" /><link rel="http://docs.oasis-open.org/odata/ns/relatedlinks/BestFriend" type="application/xml" title="BestFriend" href="http://odata.org/associationlink" /><link rel="http://docs.oasis-open.org/odata/ns/related/BestFriend" type="application/atom+xml;type=entry" title="BestFriend" href="http://odata.org/link" /><title /><updated>9999-12-31T23:59:59Z</updated><author><name /></author><content type="application/xml" /></entry>

