Path[(EntitySet: Orders)/(Key: OrderID = 1)/(Operation: GetOrderRate)]