Path[(EntitySet: Orders)/(Operation: OrdersWithMoreThanTwoItems)]