Path[(EntitySet: People)/(Key: PersonID = 1)/(Operation: GetBrothers)]