Path[(EntitySet: Customers)/(Key: PersonID = -32)/(Property: HomeAddress)]