Path[(EntitySet: People)/(Key: PersonID = 1)/(NavigationProperty: FirstOrder)/(Operation: GetOrderRate)]