$select = FirstName
$expand = 


SelectExpandQueryOption
	AllSelected = False
	SelectedItems
		Path[(Property: FirstName)]