$select = HomeAddress
$expand = 


SelectExpandQueryOption
	AllSelected = False
	SelectedItems
		Path[(Property: HomeAddress)]