<Schema Namespace="TestModel" xmlns="http://docs.oasis-open.org/odata/ns/edm">
  <ComplexType Name="SingletonComplexType">
    <Property Name="City" Type="Edm.String" />
  </ComplexType>
  <EntityContainer Name="DefaultContainer" />
</Schema>

