$select = Microsoft.Test.Taupo.OData.WCFService.GetBrothers
$expand = 


SelectExpandQueryOption
	AllSelected = False
	SelectedItems
		Path[(OpenProperty: Microsoft.Test.Taupo.OData.WCFService.GetBrothers)]