$select = Parent
$expand = 


SelectExpandQueryOption
	AllSelected = False
	SelectedItems
		Path[(NavigationProperty: Parent)]