Path[(Singleton: Boss)/(Operation: ChangeAddress)]