$select = *
$expand = 


SelectExpandQueryOption
	AllSelected = False
	SelectedItems
		(Wildcard)