$select = 
$expand = OrderDetails($expand=ProductOrdered($select=QuantityInStock))


SelectExpandQueryOption
	AllSelected = True
	SelectedItems
		Expanded Navigation Property
			Path[(NavigationProperty: OrderDetails)]
			SelectExpandQueryOption
				AllSelected = True
				SelectedItems
					Expanded Navigation Property
						Path[(NavigationProperty: ProductOrdered)]
						SelectExpandQueryOption
							AllSelected = False
							SelectedItems
								Path[(Property: QuantityInStock)]