Path[(Singleton: VipCustomer)/(Operation: Within(Distance = ParameterAliasNode(Type Name = , Alias Name = @a)))]