$select = 
$expand = CustomerForOrder($expand=Orders)


SelectExpandQueryOption
	AllSelected = True
	SelectedItems
		Expanded Navigation Property
			Path[(NavigationProperty: CustomerForOrder)]
			SelectExpandQueryOption
				AllSelected = True
				SelectedItems
					Expanded Navigation Property
						Path[(NavigationProperty: Orders)]
						SelectExpandQueryOption
							AllSelected = True
							SelectedItems(Empty List)