Combination: 1; TestConfiguration = Format: Atom, Request: False, Synchronous: True
Model Present: false
<?xml version="1.0" encoding="utf-8"?><m:value xmlns:d="http://docs.oasis-open.org/odata/ns/data" xmlns:georss="http://www.georss.org/georss" xmlns:gml="http://www.opengis.net/gml" xmlns:m="http://docs.oasis-open.org/odata/ns/metadata"><m:element m:null="true" /><m:element m:null="true" /><m:element m:null="true" /></m:value>

Combination: 2; TestConfiguration = Format: Atom, Request: False, Synchronous: False
Model Present: false
<?xml version="1.0" encoding="utf-8"?><m:value xmlns:d="http://docs.oasis-open.org/odata/ns/data" xmlns:georss="http://www.georss.org/georss" xmlns:gml="http://www.opengis.net/gml" xmlns:m="http://docs.oasis-open.org/odata/ns/metadata"><m:element m:null="true" /><m:element m:null="true" /><m:element m:null="true" /></m:value>

Combination: 3; TestConfiguration = Format: Atom, Request: False, Synchronous: True
Model Present: false
<?xml version="1.0" encoding="utf-8"?><m:value xmlns:d="http://docs.oasis-open.org/odata/ns/data" xmlns:georss="http://www.georss.org/georss" xmlns:gml="http://www.opengis.net/gml" xmlns:m="http://docs.oasis-open.org/odata/ns/metadata"><m:element>foo</m:element><m:element>bar</m:element></m:value>

Combination: 4; TestConfiguration = Format: Atom, Request: False, Synchronous: False
Model Present: false
<?xml version="1.0" encoding="utf-8"?><m:value xmlns:d="http://docs.oasis-open.org/odata/ns/data" xmlns:georss="http://www.georss.org/georss" xmlns:gml="http://www.opengis.net/gml" xmlns:m="http://docs.oasis-open.org/odata/ns/metadata"><m:element>foo</m:element><m:element>bar</m:element></m:value>

Combination: 5; TestConfiguration = Format: Atom, Request: False, Synchronous: True
Model Present: false
<?xml version="1.0" encoding="utf-8"?><m:value xmlns:d="http://docs.oasis-open.org/odata/ns/data" xmlns:georss="http://www.georss.org/georss" xmlns:gml="http://www.opengis.net/gml" xmlns:m="http://docs.oasis-open.org/odata/ns/metadata"><m:element m:type="Int32">1</m:element><m:element m:type="Int32">2</m:element></m:value>

Combination: 6; TestConfiguration = Format: Atom, Request: False, Synchronous: False
Model Present: false
<?xml version="1.0" encoding="utf-8"?><m:value xmlns:d="http://docs.oasis-open.org/odata/ns/data" xmlns:georss="http://www.georss.org/georss" xmlns:gml="http://www.opengis.net/gml" xmlns:m="http://docs.oasis-open.org/odata/ns/metadata"><m:element m:type="Int32">1</m:element><m:element m:type="Int32">2</m:element></m:value>

Combination: 7; TestConfiguration = Format: Atom, Request: False, Synchronous: True
Model Present: false
<?xml version="1.0" encoding="utf-8"?><m:value xmlns:d="http://docs.oasis-open.org/odata/ns/data" xmlns:georss="http://www.georss.org/georss" xmlns:gml="http://www.opengis.net/gml" xmlns:m="http://docs.oasis-open.org/odata/ns/metadata"><m:element m:type="Int32">1</m:element><m:element m:null="true" /><m:element m:type="Int32">2</m:element><m:element m:null="true" /></m:value>

Combination: 8; TestConfiguration = Format: Atom, Request: False, Synchronous: False
Model Present: false
<?xml version="1.0" encoding="utf-8"?><m:value xmlns:d="http://docs.oasis-open.org/odata/ns/data" xmlns:georss="http://www.georss.org/georss" xmlns:gml="http://www.opengis.net/gml" xmlns:m="http://docs.oasis-open.org/odata/ns/metadata"><m:element m:type="Int32">1</m:element><m:element m:null="true" /><m:element m:type="Int32">2</m:element><m:element m:null="true" /></m:value>

Combination: 9; TestConfiguration = Format: Atom, Request: False, Synchronous: True
Model Present: false
<?xml version="1.0" encoding="utf-8"?><m:value xmlns:d="http://docs.oasis-open.org/odata/ns/data" xmlns:georss="http://www.georss.org/georss" xmlns:gml="http://www.opengis.net/gml" xmlns:m="http://docs.oasis-open.org/odata/ns/metadata"><m:element m:type="#TestNS.AddressType"><Street xmlns="http://docs.oasis-open.org/odata/ns/data">One Microsoft Way</Street><City xml:space="preserve" xmlns="http://docs.oasis-open.org/odata/ns/data">Redmond </City><Zip m:type="Int32" xmlns="http://docs.oasis-open.org/odata/ns/data">98052</Zip></m:element><m:element m:type="#TestNS.AddressType"><Street xmlns="http://docs.oasis-open.org/odata/ns/data">One Microsoft Way</Street><City xml:space="preserve" xmlns="http://docs.oasis-open.org/odata/ns/data">Redmond </City><Zip m:type="Int32" xmlns="http://docs.oasis-open.org/odata/ns/data">98052</Zip></m:element></m:value>

Combination: 10; TestConfiguration = Format: Atom, Request: False, Synchronous: False
Model Present: false
<?xml version="1.0" encoding="utf-8"?><m:value xmlns:d="http://docs.oasis-open.org/odata/ns/data" xmlns:georss="http://www.georss.org/georss" xmlns:gml="http://www.opengis.net/gml" xmlns:m="http://docs.oasis-open.org/odata/ns/metadata"><m:element m:type="#TestNS.AddressType"><Street xmlns="http://docs.oasis-open.org/odata/ns/data">One Microsoft Way</Street><City xml:space="preserve" xmlns="http://docs.oasis-open.org/odata/ns/data">Redmond </City><Zip m:type="Int32" xmlns="http://docs.oasis-open.org/odata/ns/data">98052</Zip></m:element><m:element m:type="#TestNS.AddressType"><Street xmlns="http://docs.oasis-open.org/odata/ns/data">One Microsoft Way</Street><City xml:space="preserve" xmlns="http://docs.oasis-open.org/odata/ns/data">Redmond </City><Zip m:type="Int32" xmlns="http://docs.oasis-open.org/odata/ns/data">98052</Zip></m:element></m:value>

Combination: 11; TestConfiguration = Format: Atom, Request: False, Synchronous: True
Model Present: false
<?xml version="1.0" encoding="utf-8"?><m:value xmlns:d="http://docs.oasis-open.org/odata/ns/data" xmlns:georss="http://www.georss.org/georss" xmlns:gml="http://www.opengis.net/gml" xmlns:m="http://docs.oasis-open.org/odata/ns/metadata"><m:element m:type="#TestNS.AddressType"><Street xmlns="http://docs.oasis-open.org/odata/ns/data">One Microsoft Way</Street><City xml:space="preserve" xmlns="http://docs.oasis-open.org/odata/ns/data">Redmond </City><Zip m:type="Int32" xmlns="http://docs.oasis-open.org/odata/ns/data">98052</Zip></m:element><m:element m:null="true" /><m:element m:type="#TestNS.AddressType"><Street xmlns="http://docs.oasis-open.org/odata/ns/data">One Microsoft Way</Street><City xml:space="preserve" xmlns="http://docs.oasis-open.org/odata/ns/data">Redmond </City><Zip m:type="Int32" xmlns="http://docs.oasis-open.org/odata/ns/data">98052</Zip></m:element></m:value>

Combination: 12; TestConfiguration = Format: Atom, Request: False, Synchronous: False
Model Present: false
<?xml version="1.0" encoding="utf-8"?><m:value xmlns:d="http://docs.oasis-open.org/odata/ns/data" xmlns:georss="http://www.georss.org/georss" xmlns:gml="http://www.opengis.net/gml" xmlns:m="http://docs.oasis-open.org/odata/ns/metadata"><m:element m:type="#TestNS.AddressType"><Street xmlns="http://docs.oasis-open.org/odata/ns/data">One Microsoft Way</Street><City xml:space="preserve" xmlns="http://docs.oasis-open.org/odata/ns/data">Redmond </City><Zip m:type="Int32" xmlns="http://docs.oasis-open.org/odata/ns/data">98052</Zip></m:element><m:element m:null="true" /><m:element m:type="#TestNS.AddressType"><Street xmlns="http://docs.oasis-open.org/odata/ns/data">One Microsoft Way</Street><City xml:space="preserve" xmlns="http://docs.oasis-open.org/odata/ns/data">Redmond </City><Zip m:type="Int32" xmlns="http://docs.oasis-open.org/odata/ns/data">98052</Zip></m:element></m:value>

Combination: 13; TestConfiguration = Format: Atom, Request: False, Synchronous: True
Model Present: false
<?xml version="1.0" encoding="utf-8"?><m:value xmlns:d="http://docs.oasis-open.org/odata/ns/data" xmlns:georss="http://www.georss.org/georss" xmlns:gml="http://www.opengis.net/gml" xmlns:m="http://docs.oasis-open.org/odata/ns/metadata"><m:element><Street xmlns="http://docs.oasis-open.org/odata/ns/data">One Microsoft Way</Street><City xml:space="preserve" xmlns="http://docs.oasis-open.org/odata/ns/data">Redmond </City><Zip m:type="Int32" xmlns="http://docs.oasis-open.org/odata/ns/data">98052</Zip></m:element><m:element><Street xmlns="http://docs.oasis-open.org/odata/ns/data">One Microsoft Way</Street><City xml:space="preserve" xmlns="http://docs.oasis-open.org/odata/ns/data">Redmond </City><Zip m:type="Int32" xmlns="http://docs.oasis-open.org/odata/ns/data">98052</Zip></m:element></m:value>

Combination: 14; TestConfiguration = Format: Atom, Request: False, Synchronous: False
Model Present: false
<?xml version="1.0" encoding="utf-8"?><m:value xmlns:d="http://docs.oasis-open.org/odata/ns/data" xmlns:georss="http://www.georss.org/georss" xmlns:gml="http://www.opengis.net/gml" xmlns:m="http://docs.oasis-open.org/odata/ns/metadata"><m:element><Street xmlns="http://docs.oasis-open.org/odata/ns/data">One Microsoft Way</Street><City xml:space="preserve" xmlns="http://docs.oasis-open.org/odata/ns/data">Redmond </City><Zip m:type="Int32" xmlns="http://docs.oasis-open.org/odata/ns/data">98052</Zip></m:element><m:element><Street xmlns="http://docs.oasis-open.org/odata/ns/data">One Microsoft Way</Street><City xml:space="preserve" xmlns="http://docs.oasis-open.org/odata/ns/data">Redmond </City><Zip m:type="Int32" xmlns="http://docs.oasis-open.org/odata/ns/data">98052</Zip></m:element></m:value>

Combination: 15; TestConfiguration = Format: Atom, Request: False, Synchronous: True
Model Present: false
<?xml version="1.0" encoding="utf-8"?><m:value xmlns:d="http://docs.oasis-open.org/odata/ns/data" xmlns:georss="http://www.georss.org/georss" xmlns:gml="http://www.opengis.net/gml" xmlns:m="http://docs.oasis-open.org/odata/ns/metadata"><m:element><Street xmlns="http://docs.oasis-open.org/odata/ns/data">One Microsoft Way</Street><City xml:space="preserve" xmlns="http://docs.oasis-open.org/odata/ns/data">Redmond </City><Zip m:type="Int32" xmlns="http://docs.oasis-open.org/odata/ns/data">98052</Zip></m:element><m:element m:null="true" /><m:element><Street xmlns="http://docs.oasis-open.org/odata/ns/data">One Microsoft Way</Street><City xml:space="preserve" xmlns="http://docs.oasis-open.org/odata/ns/data">Redmond </City><Zip m:type="Int32" xmlns="http://docs.oasis-open.org/odata/ns/data">98052</Zip></m:element></m:value>

Combination: 16; TestConfiguration = Format: Atom, Request: False, Synchronous: False
Model Present: false
<?xml version="1.0" encoding="utf-8"?><m:value xmlns:d="http://docs.oasis-open.org/odata/ns/data" xmlns:georss="http://www.georss.org/georss" xmlns:gml="http://www.opengis.net/gml" xmlns:m="http://docs.oasis-open.org/odata/ns/metadata"><m:element><Street xmlns="http://docs.oasis-open.org/odata/ns/data">One Microsoft Way</Street><City xml:space="preserve" xmlns="http://docs.oasis-open.org/odata/ns/data">Redmond </City><Zip m:type="Int32" xmlns="http://docs.oasis-open.org/odata/ns/data">98052</Zip></m:element><m:element m:null="true" /><m:element><Street xmlns="http://docs.oasis-open.org/odata/ns/data">One Microsoft Way</Street><City xml:space="preserve" xmlns="http://docs.oasis-open.org/odata/ns/data">Redmond </City><Zip m:type="Int32" xmlns="http://docs.oasis-open.org/odata/ns/data">98052</Zip></m:element></m:value>

Combination: 17; TestConfiguration = Format: Atom, Request: False, Synchronous: True
Model Present: false
<?xml version="1.0" encoding="utf-8"?><m:value xmlns:d="http://docs.oasis-open.org/odata/ns/data" xmlns:georss="http://www.georss.org/georss" xmlns:gml="http://www.opengis.net/gml" xmlns:m="http://docs.oasis-open.org/odata/ns/metadata"><m:element m:type="GeographyPoint"><gml:Point gml:srsName="http://www.opengis.net/def/crs/EPSG/0/4326"><gml:pos>33.1 -110</gml:pos></gml:Point></m:element><m:element m:null="true" /><m:element m:type="GeographyPolygon"><gml:Polygon gml:srsName="http://www.opengis.net/def/crs/EPSG/0/4326"><gml:exterior><gml:LinearRing><gml:pos>33.1 -110</gml:pos><gml:pos>35.97 -110.15</gml:pos><gml:pos>11.45 87.75</gml:pos><gml:pos>33.1 -110</gml:pos></gml:LinearRing></gml:exterior><gml:interior><gml:LinearRing><gml:pos>35.97 -110</gml:pos><gml:pos>36.97 -110.15</gml:pos><gml:pos>45.23 23.18</gml:pos><gml:pos>35.97 -110</gml:pos></gml:LinearRing></gml:interior></gml:Polygon></m:element><m:element m:type="GeographyMultiLineString"><gml:MultiCurve gml:srsName="http://www.opengis.net/def/crs/EPSG/0/4326"><gml:curveMembers><gml:LineString><gml:pos>10.2 11.2</gml:pos><gml:pos>11.9 11.6</gml:pos></gml:LineString><gml:LineString><gml:pos>16.2 17.2</gml:pos><gml:pos>18.9 19.6</gml:pos></gml:LineString></gml:curveMembers></gml:MultiCurve></m:element><m:element m:type="GeographyCollection"><gml:MultiGeometry gml:srsName="http://www.opengis.net/def/crs/EPSG/0/4326"><gml:geometryMembers><gml:Point><gml:pos>-19.99 -12</gml:pos></gml:Point></gml:geometryMembers></gml:MultiGeometry></m:element></m:value>

Combination: 18; TestConfiguration = Format: Atom, Request: False, Synchronous: False
Model Present: false
<?xml version="1.0" encoding="utf-8"?><m:value xmlns:d="http://docs.oasis-open.org/odata/ns/data" xmlns:georss="http://www.georss.org/georss" xmlns:gml="http://www.opengis.net/gml" xmlns:m="http://docs.oasis-open.org/odata/ns/metadata"><m:element m:type="GeographyPoint"><gml:Point gml:srsName="http://www.opengis.net/def/crs/EPSG/0/4326"><gml:pos>33.1 -110</gml:pos></gml:Point></m:element><m:element m:null="true" /><m:element m:type="GeographyPolygon"><gml:Polygon gml:srsName="http://www.opengis.net/def/crs/EPSG/0/4326"><gml:exterior><gml:LinearRing><gml:pos>33.1 -110</gml:pos><gml:pos>35.97 -110.15</gml:pos><gml:pos>11.45 87.75</gml:pos><gml:pos>33.1 -110</gml:pos></gml:LinearRing></gml:exterior><gml:interior><gml:LinearRing><gml:pos>35.97 -110</gml:pos><gml:pos>36.97 -110.15</gml:pos><gml:pos>45.23 23.18</gml:pos><gml:pos>35.97 -110</gml:pos></gml:LinearRing></gml:interior></gml:Polygon></m:element><m:element m:type="GeographyMultiLineString"><gml:MultiCurve gml:srsName="http://www.opengis.net/def/crs/EPSG/0/4326"><gml:curveMembers><gml:LineString><gml:pos>10.2 11.2</gml:pos><gml:pos>11.9 11.6</gml:pos></gml:LineString><gml:LineString><gml:pos>16.2 17.2</gml:pos><gml:pos>18.9 19.6</gml:pos></gml:LineString></gml:curveMembers></gml:MultiCurve></m:element><m:element m:type="GeographyCollection"><gml:MultiGeometry gml:srsName="http://www.opengis.net/def/crs/EPSG/0/4326"><gml:geometryMembers><gml:Point><gml:pos>-19.99 -12</gml:pos></gml:Point></gml:geometryMembers></gml:MultiGeometry></m:element></m:value>

Combination: 19; TestConfiguration = Format: Atom, Request: False, Synchronous: True
Model Present: false
<?xml version="1.0" encoding="utf-8"?><m:value xmlns:d="http://docs.oasis-open.org/odata/ns/data" xmlns:georss="http://www.georss.org/georss" xmlns:gml="http://www.opengis.net/gml" xmlns:m="http://docs.oasis-open.org/odata/ns/metadata"><m:element m:type="GeometryPoint"><gml:Point gml:srsName="http://www.opengis.net/def/crs/EPSG/0/0"><gml:pos>33.1 -11</gml:pos></gml:Point></m:element><m:element m:null="true" /><m:element m:type="GeometryPolygon"><gml:Polygon gml:srsName="http://www.opengis.net/def/crs/EPSG/0/0"><gml:exterior><gml:LinearRing><gml:pos>33.1 -13.6</gml:pos><gml:pos>35.97 -11.15</gml:pos><gml:pos>11.45 87.75</gml:pos><gml:pos>33.1 -13.6</gml:pos></gml:LinearRing></gml:exterior><gml:interior><gml:LinearRing><gml:pos>35.97 -11</gml:pos><gml:pos>36.97 -11.15</gml:pos><gml:pos>45.23 23.18</gml:pos><gml:pos>35.97 -11</gml:pos></gml:LinearRing></gml:interior></gml:Polygon></m:element><m:element m:type="GeometryMultiLineString"><gml:MultiCurve gml:srsName="http://www.opengis.net/def/crs/EPSG/0/0"><gml:curveMembers><gml:LineString><gml:pos>10.2 11.2</gml:pos><gml:pos>11.9 11.6</gml:pos></gml:LineString><gml:LineString><gml:pos>16.2 17.2</gml:pos><gml:pos>18.9 19.6</gml:pos></gml:LineString></gml:curveMembers></gml:MultiCurve></m:element><m:element m:type="GeometryCollection"><gml:MultiGeometry gml:srsName="http://www.opengis.net/def/crs/EPSG/0/0"><gml:geometryMembers><gml:Point><gml:pos>-19.99 -12</gml:pos></gml:Point></gml:geometryMembers></gml:MultiGeometry></m:element></m:value>

Combination: 20; TestConfiguration = Format: Atom, Request: False, Synchronous: False
Model Present: false
<?xml version="1.0" encoding="utf-8"?><m:value xmlns:d="http://docs.oasis-open.org/odata/ns/data" xmlns:georss="http://www.georss.org/georss" xmlns:gml="http://www.opengis.net/gml" xmlns:m="http://docs.oasis-open.org/odata/ns/metadata"><m:element m:type="GeometryPoint"><gml:Point gml:srsName="http://www.opengis.net/def/crs/EPSG/0/0"><gml:pos>33.1 -11</gml:pos></gml:Point></m:element><m:element m:null="true" /><m:element m:type="GeometryPolygon"><gml:Polygon gml:srsName="http://www.opengis.net/def/crs/EPSG/0/0"><gml:exterior><gml:LinearRing><gml:pos>33.1 -13.6</gml:pos><gml:pos>35.97 -11.15</gml:pos><gml:pos>11.45 87.75</gml:pos><gml:pos>33.1 -13.6</gml:pos></gml:LinearRing></gml:exterior><gml:interior><gml:LinearRing><gml:pos>35.97 -11</gml:pos><gml:pos>36.97 -11.15</gml:pos><gml:pos>45.23 23.18</gml:pos><gml:pos>35.97 -11</gml:pos></gml:LinearRing></gml:interior></gml:Polygon></m:element><m:element m:type="GeometryMultiLineString"><gml:MultiCurve gml:srsName="http://www.opengis.net/def/crs/EPSG/0/0"><gml:curveMembers><gml:LineString><gml:pos>10.2 11.2</gml:pos><gml:pos>11.9 11.6</gml:pos></gml:LineString><gml:LineString><gml:pos>16.2 17.2</gml:pos><gml:pos>18.9 19.6</gml:pos></gml:LineString></gml:curveMembers></gml:MultiCurve></m:element><m:element m:type="GeometryCollection"><gml:MultiGeometry gml:srsName="http://www.opengis.net/def/crs/EPSG/0/0"><gml:geometryMembers><gml:Point><gml:pos>-19.99 -12</gml:pos></gml:Point></gml:geometryMembers></gml:MultiGeometry></m:element></m:value>

