$search = bike


SearchQueryOption
	Expression = 
	SearchTermNode
		Text = bike